<?xml version="1.0" encoding="UTF-8"?>
<testsuites name="Mocha Tests" time="2.248" tests="6" failures="0">
  <testsuite name="Root Suite" timestamp="2019-02-02T18:35:08" tests="0" failures="0" time="0">
  </testsuite>
  <testsuite name="test suite" timestamp="2019-02-02T18:35:08" tests="6" file="C:\Projects\api-test_node\test\run.js" failures="0" time="2.248">
    <testcase name="test suite test POST &apos;api/users&apos; endpoint" time="0.399" classname="test POST &apos;api/users&apos; endpoint">
    </testcase>
    <testcase name="test suite test GET &apos;api/users?page=1&apos; endpoint" time="0.397" classname="test GET &apos;api/users?page=1&apos; endpoint">
    </testcase>
    <testcase name="test suite test PUT &apos;api/users/2&apos; endpoint" time="0.348" classname="test PUT &apos;api/users/2&apos; endpoint">
    </testcase>
    <testcase name="test suite test PUT &apos;api/users/2&apos; endpoint" time="0.396" classname="test PUT &apos;api/users/2&apos; endpoint">
    </testcase>
    <testcase name="test suite test PATCH &apos;api/users/2&apos; endpoint" time="0.345" classname="test PATCH &apos;api/users/2&apos; endpoint">
    </testcase>
    <testcase name="test suite test DELETE &apos;api/users/2&apos; endpoint" time="0.363" classname="test DELETE &apos;api/users/2&apos; endpoint">
    </testcase>
  </testsuite>
</testsuites>